// Jest Snapshot v1, https://goo.gl/fbAQLP

exports[`Test in TodoListItem Should match again snapshot 1`] = `
Array [
  "",
  <li
    className="MuiListItem-root MuiListItem-gutters MuiListItem-padding css-1rki8sg-MuiListItem-root"
    disabled={false}
  >
    Array [
      "",
      Array [
        "",
        <div
          className="MuiListItemButton-root MuiListItemButton-gutters MuiButtonBase-root css-cvhtoe-MuiButtonBase-root-MuiListItemButton-root"
          onBlur={[Function]}
          onClick={[Function]}
          onContextMenu={[Function]}
          onDragLeave={[Function]}
          onFocus={[Function]}
          onKeyDown={[Function]}
          onKeyUp={[Function]}
          onMouseDown={[Function]}
          onMouseLeave={[Function]}
          onMouseUp={[Function]}
          onTouchEnd={[Function]}
          onTouchMove={[Function]}
          onTouchStart={[Function]}
          role="button"
          tabIndex={0}
        >
          Array [
            "",
            <div
              className="MuiListItemText-root css-tlelie-MuiListItemText-root"
            >
              Array [
                "",
                <span
                  className="MuiTypography-root MuiTypography-body1 MuiListItemText-primary css-10hburv-MuiTypography-root"
                >
                  NaN.undefined
                </span>,
              ]
            </div>,
          ]
          Array [
            "",
            <span
              className="MuiTouchRipple-root css-8je8zh-MuiTouchRipple-root"
            />,
          ]
        </div>,
      ],
    ]
    Array [
      "",
      <div
        className="MuiListItemSecondaryAction-root css-518kzi-MuiListItemSecondaryAction-root"
      >
        <button
          aria-label="delete"
          className="MuiButtonBase-root MuiIconButton-root MuiIconButton-edgeEnd"
          disabled={false}
          id="delete_button_undefined"
          onBlur={[Function]}
          onClick={[Function]}
          onDragLeave={[Function]}
          onFocus={[Function]}
          onKeyDown={[Function]}
          onKeyUp={[Function]}
          onMouseDown={[Function]}
          onMouseLeave={[Function]}
          onMouseUp={[Function]}
          onTouchEnd={[Function]}
          onTouchMove={[Function]}
          onTouchStart={[Function]}
          tabIndex={0}
          type="button"
        >
          <span
            className="MuiIconButton-label"
          >
            Array [
              "",
              <svg
                aria-hidden={true}
                className="MuiSvgIcon-root MuiSvgIcon-fontSizeMedium css-i4bv87-MuiSvgIcon-root"
                data-testid="DeleteIcon"
                focusable="false"
                viewBox="0 0 24 24"
              >
                <path
                  d="M6 19c0 1.1.9 2 2 2h8c1.1 0 2-.9 2-2V7H6v12zM19 4h-3.5l-1-1h-5l-1 1H5v2h14V4z"
                />
              </svg>,
            ]
          </span>
          <span
            className="MuiTouchRipple-root"
          />
        </button>
      </div>,
    ]
  </li>,
]
`;
