// Jest Snapshot v1, https://goo.gl/fbAQLP

exports[` Should Match Snapshot 1`] = `
<div>
  <h1>
    Login Screen
  </h1>
  <hr />
  Array [
    "",
    Array [
      "",
      <button
        className="MuiButton-root MuiButton-outlined MuiButton-outlinedPrimary MuiButton-sizeMedium MuiButton-outlinedSizeMedium MuiButtonBase-root  css-1rwt2y5-MuiButtonBase-root-MuiButton-root"
        disabled={false}
        onBlur={[Function]}
        onClick={[Function]}
        onContextMenu={[Function]}
        onDragLeave={[Function]}
        onFocus={[Function]}
        onKeyDown={[Function]}
        onKeyUp={[Function]}
        onMouseDown={[Function]}
        onMouseLeave={[Function]}
        onMouseUp={[Function]}
        onTouchEnd={[Function]}
        onTouchMove={[Function]}
        onTouchStart={[Function]}
        tabIndex={0}
        type="button"
      >
        Set User
        Array [
          "",
          <span
            className="MuiTouchRipple-root css-8je8zh-MuiTouchRipple-root"
          />,
        ]
      </button>,
    ],
  ]
</div>
`;
